// Jest Snapshot v1, https://goo.gl/fbAQLP

exports[`Pruebas en <HookApp /> debe de mostrar correctamente 1`] = `
<Fragment>
  <h1>
    HookApp
  </h1>
</Fragment>
`;
