// Jest Snapshot v1, https://goo.gl/fbAQLP

exports[`pruebas en <GifGrid /> debe de mostrar correctamente 1`] = `
<Fragment>
  <h3
    className="animate__bounceIn"
  >
     
    Goku
     
  </h3>
  <br />
  <p>
    Loading
  </p>
  <div
    className="card-grid"
  />
</Fragment>
`;

exports[`pruebas en <GifGrid /> debe de mostrar items cuando se cargan im√°genes useFetchGifs 1`] = `
<Fragment>
  <h3
    className="animate__bounceIn"
  >
     
    Goku
     
  </h3>
  <br />
  <div
    className="card-grid"
  >
    <GifGridItem
      id="ABC"
      key="ABC"
      title="ABC Title"
      url="https://google.com"
    />
  </div>
</Fragment>
`;
